Jul 03 14:22:09 host=smtp.vodafonemail.de tls=on auth=on user=masp@vodafonemail.de from=masp@vodafonemail.de recipients=masp@vodafonemail.de mailsize=175 smtpstatus=250 smtpmsg='250 2.0.0 Ok: queued as 4gsCYX4htvz8sXF' exitcode=EX_OK
Jul 03 14:26:51 host=smtp.vodafonemail.de tls=on auth=on user=masp@vodafonemail.de from=masp@vodafonemail.de recipients=masp@vodafonemail.de mailsize=176 smtpstatus=250 smtpmsg='250 2.0.0 Ok: queued as 4gsCfz2SdKz8y0X' exitcode=EX_OK
Jul 03 14:29:45 host=smtp.vodafonemail.de tls=on auth=on user=masp@vodafonemail.de from=masp@vodafonemail.de recipients=masp@vodafonemail.de mailsize=226 smtpstatus=250 smtpmsg='250 2.0.0 Ok: queued as 4gsCkK2p9Nz90r3' exitcode=EX_OK
Jul 03 14:31:06 host=smtp.vodafonemail.de tls=on auth=on user=masp@vodafonemail.de from=masp@vodafonemail.de recipients=masp@vodafonemail.de mailsize=208 smtpstatus=250 smtpmsg='250 2.0.0 Ok: queued as 4gsClt4bXBz8sXh' exitcode=EX_OK
Jul 03 14:32:12 host=smtp.vodafonemail.de tls=on auth=on user=masp@vodafonemail.de from=masp@vodafonemail.de recipients=masp@vodafonemail.de mailsize=203 smtpstatus=250 smtpmsg='250 2.0.0 Ok: queued as 4gsCn8281Rz9rwq' exitcode=EX_OK
Jul 03 14:42:11 host=smtp.vodafonemail.de tls=on auth=on user=masp@vodafonemail.de from=masp@vodafonemail.de recipients=masp@vodafonemail.de mailsize=296 smtpstatus=250 smtpmsg='250 2.0.0 Ok: queued as 4gsD0g1YNSz904x' exitcode=EX_OK
Jul 03 14:44:11 host=smtp.vodafonemail.de tls=on auth=on user=masp@vodafonemail.de from=masp@vodafonemail.de recipients=masp@vodafonemail.de mailsize=328 smtpstatus=250 smtpmsg='250 2.0.0 Ok: queued as 4gsD2z2xTXz9rwL' exitcode=EX_OK
Jul 03 20:42:48 host=smtp.vodafonemail.de tls=on auth=on user=masp@vodafonemail.de from=masp@vodafonemail.de recipients=masp@vodafonemail.de mailsize=297 smtpstatus=250 smtpmsg='250 2.0.0 Ok: queued as 4gsN0l5sJkz8sWv' exitcode=EX_OK
Jul 03 20:44:47 host=smtp.vodafonemail.de tls=on auth=on user=masp@vodafonemail.de from=masp@vodafonemail.de recipients=masp@vodafonemail.de mailsize=328 smtpstatus=250 smtpmsg='250 2.0.0 Ok: queued as 4gsN334qPwz8sWv' exitcode=EX_OK
Jul 04 02:42:48 host=smtp.vodafonemail.de tls=on auth=on user=masp@vodafonemail.de from=masp@vodafonemail.de recipients=masp@vodafonemail.de mailsize=297 smtpstatus=250 smtpmsg='250 2.0.0 Ok: queued as 4gsX082r1Xz8sZH' exitcode=EX_OK
Jul 04 02:44:48 host=smtp.vodafonemail.de tls=on auth=on user=masp@vodafonemail.de from=masp@vodafonemail.de recipients=masp@vodafonemail.de mailsize=328 smtpstatus=250 smtpmsg='250 2.0.0 Ok: queued as 4gsX2S1zCjz904t' exitcode=EX_OK
Jul 04 08:42:48 host=smtp.vodafonemail.de tls=on auth=on user=masp@vodafonemail.de from=masp@vodafonemail.de recipients=masp@vodafonemail.de mailsize=298 smtpstatus=250 smtpmsg='250 2.0.0 Ok: queued as 4gsgzX4HdQz8sXR' exitcode=EX_OK
Jul 04 08:44:48 host=smtp.vodafonemail.de tls=on auth=on user=masp@vodafonemail.de from=masp@vodafonemail.de recipients=masp@vodafonemail.de mailsize=328 smtpstatus=250 smtpmsg='250 2.0.0 Ok: queued as 4gsh1r1Wrmz90r3' exitcode=EX_OK
Jul 04 13:52:56 host=smtp.vodafonemail.de tls=on auth=on user=masp@vodafonemail.de from=masp@vodafonemail.de recipients=masp@vodafonemail.de mailsize=231 smtpstatus=250 smtpmsg='250 2.0.0 Ok: queued as 4gspsN0M9Yz8snK' exitcode=EX_OK
Jul 04 13:52:56 host=smtp.vodafonemail.de tls=on auth=on user=masp@vodafonemail.de from=masp@vodafonemail.de recipients=masp@vodafonemail.de mailsize=233 smtpstatus=250 smtpmsg='250 2.0.0 Ok: queued as 4gspsN0Nc4z8sXZ' exitcode=EX_OK
Jul 04 20:41:23 host=smtp.vodafonemail.de tls=on auth=on user=masp@vodafonemail.de from=masp@vodafonemail.de recipients=masp@vodafonemail.de mailsize=328 smtpstatus=250 smtpmsg='250 2.0.0 Ok: queued as 4gszwg25nsz91pX' exitcode=EX_OK
Jul 04 20:43:33 host=smtp.vodafonemail.de tls=on auth=on user=masp@vodafonemail.de from=masp@vodafonemail.de recipients=masp@vodafonemail.de mailsize=233 smtpstatus=250 smtpmsg='250 2.0.0 Ok: queued as 4gszz92qYvz8sXh' exitcode=EX_OK
Jul 09 09:22:28 host=smtp.vodafonemail.de tls=on auth=on user=masp@vodafonemail.de from=masp@vodafonemail.de recipients=root smtpstatus=504 smtpmsg='504 5.5.2 <root>: Recipient address rejected: need fully-qualified address' errormsg='Empfängeradresse root wird vom Server nicht akzeptiert' exitcode=EX_DATAERR
Jul 26 00:05:47 host=smtp.vodafonemail.de tls=on auth=on user=masp@vodafonemail.de from=masp@vodafonemail.de recipients=masp@vodafonemail.de mailsize=291 smtpstatus=250 smtpmsg='250 2.0.0 Ok: queued as 4h6zSq44QJz8sWx' exitcode=EX_OK
Jul 26 00:32:38 host=smtp.vodafonemail.de tls=on auth=on user=masp@vodafonemail.de from=masp@vodafonemail.de recipients=masp@vodafonemail.de mailsize=225 smtpstatus=250 smtpmsg='250 2.0.0 Ok: queued as 4h703p4jZwz9rw8' exitcode=EX_OK
Jul 26 05:00:47 host=smtp.vodafonemail.de tls=on auth=on user=masp@vodafonemail.de from=masp@vodafonemail.de recipients=masp@vodafonemail.de mailsize=291 smtpstatus=250 smtpmsg='250 2.0.0 Ok: queued as 4h761C2xHWz90qy' exitcode=EX_OK
Jul 26 05:25:05 host=smtp.vodafonemail.de tls=on auth=on user=masp@vodafonemail.de from=masp@vodafonemail.de recipients=masp@vodafonemail.de mailsize=225 smtpstatus=250 smtpmsg='250 2.0.0 Ok: queued as 4h76YF2T2Zz92kQ' exitcode=EX_OK
Jul 26 05:54:47 host=smtp.vodafonemail.de tls=on auth=on user=masp@vodafonemail.de from=masp@vodafonemail.de recipients=masp@vodafonemail.de mailsize=291 smtpstatus=250 smtpmsg='250 2.0.0 Ok: queued as 4h77CW2y91z8sXS' exitcode=EX_OK
Jul 26 05:59:53 host=smtp.vodafonemail.de tls=on auth=on user=masp@vodafonemail.de from=masp@vodafonemail.de recipients=masp@vodafonemail.de mailsize=225 smtpstatus=250 smtpmsg='250 2.0.0 Ok: queued as 4h77KN5rRGz8sWx' exitcode=EX_OK
Aug 05 12:01:43 host=smtp.vodafonemail.de tls=on auth=on user=masp@vodafonemail.de from=masp@vodafonemail.de recipients=masp@vodafonemail.de errormsg='Host smtp.vodafonemail.de kann nicht gefunden werden: Temporärer Fehler bei der Namensauflösung' exitcode=EX_NOHOST
Aug 05 12:41:11 host=smtp.vodafonemail.de tls=on auth=on user=masp@vodafonemail.de from=masp@vodafonemail.de recipients=masp@vodafonemail.de mailsize=231 smtpstatus=250 smtpmsg='250 2.0.0 Ok: queued as 4hFRlq34kfz8y0c' exitcode=EX_OK
Aug 11 17:48:50 host=smtp.vodafonemail.de tls=on auth=on user=masp@vodafonemail.de from=masp@vodafonemail.de recipients=masp@vodafonemail.de errormsg='Host smtp.vodafonemail.de kann nicht gefunden werden: Temporärer Fehler bei der Namensauflösung' exitcode=EX_NOHOST
Aug 11 17:56:14 host=smtp.vodafonemail.de tls=on auth=on user=masp@vodafonemail.de from=masp@vodafonemail.de recipients=masp@vodafonemail.de mailsize=231 smtpstatus=250 smtpmsg='250 2.0.0 Ok: queued as 4hKGSZ1Nfnz955c' exitcode=EX_OK
Aug 15 14:12:24 host=smtp.vodafonemail.de tls=on auth=on user=masp@vodafonemail.de from=masp@vodafonemail.de recipients=masp@vodafonemail.de errormsg='Host smtp.vodafonemail.de kann nicht gefunden werden: Temporärer Fehler bei der Namensauflösung' exitcode=EX_NOHOST
Aug 15 15:25:23 host=smtp.vodafonemail.de tls=on auth=on user=masp@vodafonemail.de from=masp@vodafonemail.de recipients=masp@vodafonemail.de errormsg='Host smtp.vodafonemail.de kann nicht gefunden werden: Temporärer Fehler bei der Namensauflösung' exitcode=EX_NOHOST
Aug 23 00:01:52 host=smtp.vodafonemail.de tls=on auth=on user=masp@vodafonemail.de from=masp@vodafonemail.de recipients=masp@vodafonemail.de mailsize=291 smtpstatus=250 smtpmsg='250 2.0.0 Ok: queued as 4hSB3N4kX2zB2ld' exitcode=EX_OK
Aug 23 00:04:20 host=smtp.vodafonemail.de tls=on auth=on user=masp@vodafonemail.de from=masp@vodafonemail.de recipients=masp@vodafonemail.de mailsize=225 smtpstatus=250 smtpmsg='250 2.0.0 Ok: queued as 4hSB6D15RSzB2nV' exitcode=EX_OK
Aug 23 01:29:52 host=smtp.vodafonemail.de tls=on auth=on user=masp@vodafonemail.de from=masp@vodafonemail.de recipients=masp@vodafonemail.de mailsize=291 smtpstatus=250 smtpmsg='250 2.0.0 Ok: queued as 4hSD0w4799zB2ld' exitcode=EX_OK
Aug 23 01:50:20 host=smtp.vodafonemail.de tls=on auth=on user=masp@vodafonemail.de from=masp@vodafonemail.de recipients=masp@vodafonemail.de mailsize=225 smtpstatus=250 smtpmsg='250 2.0.0 Ok: queued as 4hSDSW4wlqz8sYG' exitcode=EX_OK
Aug 23 02:50:52 host=smtp.vodafonemail.de tls=on auth=on user=masp@vodafonemail.de from=masp@vodafonemail.de recipients=masp@vodafonemail.de mailsize=291 smtpstatus=250 smtpmsg='250 2.0.0 Ok: queued as 4hSFpN33gjz8sYt' exitcode=EX_OK
Aug 23 03:17:58 host=smtp.vodafonemail.de tls=on auth=on user=masp@vodafonemail.de from=masp@vodafonemail.de recipients=masp@vodafonemail.de mailsize=225 smtpstatus=250 smtpmsg='250 2.0.0 Ok: queued as 4hSGPf3sTfz8sbJ' exitcode=EX_OK
Aug 23 03:57:53 host=smtp.vodafonemail.de tls=on auth=on user=masp@vodafonemail.de from=masp@vodafonemail.de recipients=masp@vodafonemail.de mailsize=291 smtpstatus=250 smtpmsg='250 2.0.0 Ok: queued as 4hSHHh5mZGz8sZn' exitcode=EX_OK
Aug 23 04:09:17 host=smtp.vodafonemail.de tls=on auth=on user=masp@vodafonemail.de from=masp@vodafonemail.de recipients=masp@vodafonemail.de mailsize=225 smtpstatus=250 smtpmsg='250 2.0.0 Ok: queued as 4hSHXs2s5lz98T3' exitcode=EX_OK
Aug 23 04:59:52 host=smtp.vodafonemail.de tls=on auth=on user=masp@vodafonemail.de from=masp@vodafonemail.de recipients=masp@vodafonemail.de mailsize=291 smtpstatus=250 smtpmsg='250 2.0.0 Ok: queued as 4hSJgD4B33zB2ld' exitcode=EX_OK
Aug 23 06:16:03 host=smtp.vodafonemail.de tls=on auth=on user=masp@vodafonemail.de from=masp@vodafonemail.de recipients=masp@vodafonemail.de mailsize=225 smtpstatus=250 smtpmsg='250 2.0.0 Ok: queued as 4hSLM64ZYRz98VV' exitcode=EX_OK
Aug 23 07:06:52 host=smtp.vodafonemail.de tls=on auth=on user=masp@vodafonemail.de from=masp@vodafonemail.de recipients=masp@vodafonemail.de mailsize=291 smtpstatus=250 smtpmsg='250 2.0.0 Ok: queued as 4hSMTm3mYXz8sYH' exitcode=EX_OK
Aug 23 07:32:31 host=smtp.vodafonemail.de tls=on auth=on user=masp@vodafonemail.de from=masp@vodafonemail.de recipients=masp@vodafonemail.de mailsize=225 smtpstatus=250 smtpmsg='250 2.0.0 Ok: queued as 4hSN3M0rf2zB2mp' exitcode=EX_OK
Aug 23 07:58:53 host=smtp.vodafonemail.de tls=on auth=on user=masp@vodafonemail.de from=masp@vodafonemail.de recipients=masp@vodafonemail.de mailsize=291 smtpstatus=250 smtpmsg='250 2.0.0 Ok: queued as 4hSNdm39VGz98VS' exitcode=EX_OK
Aug 23 08:10:55 host=smtp.vodafonemail.de tls=on auth=on user=masp@vodafonemail.de from=masp@vodafonemail.de recipients=masp@vodafonemail.de mailsize=225 smtpstatus=250 smtpmsg='250 2.0.0 Ok: queued as 4hSNvf6VQyz92kW' exitcode=EX_OK
Aug 24 20:29:58 host=smtp.vodafonemail.de tls=on auth=on user=masp@vodafonemail.de from=masp@vodafonemail.de recipients=masp@vodafonemail.de mailsize=291 smtpstatus=250 smtpmsg='250 2.0.0 Ok: queued as 4hTKFy3sFLz8sYG' exitcode=EX_OK
Aug 24 20:36:18 host=smtp.vodafonemail.de tls=on auth=on user=masp@vodafonemail.de from=masp@vodafonemail.de recipients=masp@vodafonemail.de mailsize=225 smtpstatus=250 smtpmsg='250 2.0.0 Ok: queued as 4hTKPF6rvKz99Mk' exitcode=EX_OK
Aug 25 23:41:10 host=smtp.vodafonemail.de tls=on auth=on user=masp@vodafonemail.de from=masp@vodafonemail.de recipients=masp@vodafonemail.de mailsize=291 smtpstatus=250 smtpmsg='250 2.0.0 Ok: queued as 4hV1S55Hjbz92kQ' exitcode=EX_OK
Aug 26 00:01:48 host=smtp.vodafonemail.de tls=on auth=on user=masp@vodafonemail.de from=masp@vodafonemail.de recipients=masp@vodafonemail.de mailsize=225 smtpstatus=250 smtpmsg='250 2.0.0 Ok: queued as 4hV1vv63qyz8sYR' exitcode=EX_OK
Aug 26 00:23:10 host=smtp.vodafonemail.de tls=on auth=on user=masp@vodafonemail.de from=masp@vodafonemail.de recipients=masp@vodafonemail.de mailsize=291 smtpstatus=250 smtpmsg='250 2.0.0 Ok: queued as 4hV2NY5ffWz8sYS' exitcode=EX_OK
Aug 26 00:25:36 host=smtp.vodafonemail.de tls=on auth=on user=masp@vodafonemail.de from=masp@vodafonemail.de recipients=masp@vodafonemail.de mailsize=225 smtpstatus=250 smtpmsg='250 2.0.0 Ok: queued as 4hV2RN0YJqz8sYW' exitcode=EX_OK
Aug 26 02:23:09 host=smtp.vodafonemail.de tls=on auth=on user=masp@vodafonemail.de from=masp@vodafonemail.de recipients=masp@vodafonemail.de mailsize=291 smtpstatus=250 smtpmsg='250 2.0.0 Ok: queued as 4hV5313fmWz8sYH' exitcode=EX_OK
Aug 26 03:27:01 host=smtp.vodafonemail.de tls=on auth=on user=masp@vodafonemail.de from=masp@vodafonemail.de recipients=masp@vodafonemail.de mailsize=225 smtpstatus=250 smtpmsg='250 2.0.0 Ok: queued as 4hV6Sj2njRz98VS' exitcode=EX_OK
Aug 29 05:39:56 host=smtp.vodafonemail.de tls=on auth=on user=masp@vodafonemail.de from=masp@vodafonemail.de recipients=masp@vodafonemail.de mailsize=291 smtpstatus=250 smtpmsg='250 2.0.0 Ok: queued as 4hX1Gg5NTzzB2q7' exitcode=EX_OK
Aug 29 06:03:31 host=smtp.vodafonemail.de tls=on auth=on user=masp@vodafonemail.de from=masp@vodafonemail.de recipients=masp@vodafonemail.de mailsize=225 smtpstatus=250 smtpmsg='250 2.0.0 Ok: queued as 4hX1nt6Z7jz8sXW' exitcode=EX_OK
Aug 29 06:24:55 host=smtp.vodafonemail.de tls=on auth=on user=masp@vodafonemail.de from=masp@vodafonemail.de recipients=masp@vodafonemail.de mailsize=291 smtpstatus=250 smtpmsg='250 2.0.0 Ok: queued as 4hX2Gb3HGJz93Wd' exitcode=EX_OK
Aug 29 06:35:29 host=smtp.vodafonemail.de tls=on auth=on user=masp@vodafonemail.de from=masp@vodafonemail.de recipients=masp@vodafonemail.de mailsize=225 smtpstatus=250 smtpmsg='250 2.0.0 Ok: queued as 4hX2Vm6yJJz99YF' exitcode=EX_OK
Aug 29 23:52:00 host=smtp.vodafonemail.de tls=on auth=on user=masp@vodafonemail.de from=masp@vodafonemail.de recipients=masp@vodafonemail.de mailsize=291 smtpstatus=250 smtpmsg='250 2.0.0 Ok: queued as 4hXTVm2d1Tz97WH' exitcode=EX_OK
Aug 30 00:22:52 host=smtp.vodafonemail.de tls=on auth=on user=masp@vodafonemail.de from=masp@vodafonemail.de recipients=masp@vodafonemail.de mailsize=225 smtpstatus=250 smtpmsg='250 2.0.0 Ok: queued as 4hXVBN1hf7z99Ml' exitcode=EX_OK
Aug 30 04:46:00 host=smtp.vodafonemail.de tls=on auth=on user=masp@vodafonemail.de from=masp@vodafonemail.de recipients=masp@vodafonemail.de mailsize=291 smtpstatus=250 smtpmsg='250 2.0.0 Ok: queued as 4hXc204zrRzB2nk' exitcode=EX_OK
Aug 30 04:46:40 host=smtp.vodafonemail.de tls=on auth=on user=masp@vodafonemail.de from=masp@vodafonemail.de recipients=masp@vodafonemail.de mailsize=225 smtpstatus=250 smtpmsg='250 2.0.0 Ok: queued as 4hXc2m2T0Qz8sXW' exitcode=EX_OK
Sep 01 06:39:11 host=smtp.vodafonemail.de tls=on auth=on user=masp@vodafonemail.de from=masp@vodafonemail.de recipients=masp@vodafonemail.de mailsize=291 smtpstatus=250 smtpmsg='250 2.0.0 Ok: queued as 4hYtRf5b78z99VZ' exitcode=EX_OK
Sep 01 06:44:43 host=smtp.vodafonemail.de tls=on auth=on user=masp@vodafonemail.de from=masp@vodafonemail.de recipients=masp@vodafonemail.de mailsize=225 smtpstatus=250 smtpmsg='250 2.0.0 Ok: queued as 4hYtZ31hgxz904x' exitcode=EX_OK
Sep 13 04:29:41 host=smtp.vodafonemail.de tls=on auth=on user=masp@vodafonemail.de from=masp@vodafonemail.de recipients=masp@vodafonemail.de mailsize=291 smtpstatus=250 smtpmsg='250 2.0.0 Ok: queued as 4hjC0j4xwNz958Y' exitcode=EX_OK
Sep 13 04:50:06 host=smtp.vodafonemail.de tls=on auth=on user=masp@vodafonemail.de from=masp@vodafonemail.de recipients=masp@vodafonemail.de mailsize=225 smtpstatus=250 smtpmsg='250 2.0.0 Ok: queued as 4hjCSG0rk1z97FZ' exitcode=EX_OK
Sep 14 13:26:43 host=smtp.vodafonemail.de tls=on auth=on user=masp@vodafonemail.de from=masp@vodafonemail.de recipients=masp@vodafonemail.de mailsize=291 smtpstatus=250 smtpmsg='250 2.0.0 Ok: queued as 4hk2sv4PTCz8sYV' exitcode=EX_OK
Sep 14 13:39:44 host=smtp.vodafonemail.de tls=on auth=on user=masp@vodafonemail.de from=masp@vodafonemail.de recipients=masp@vodafonemail.de mailsize=225 smtpstatus=250 smtpmsg='250 2.0.0 Ok: queued as 4hk38v5m18zB2v3' exitcode=EX_OK
Sep 15 01:59:43 host=smtp.vodafonemail.de tls=on auth=on user=masp@vodafonemail.de from=masp@vodafonemail.de recipients=masp@vodafonemail.de mailsize=291 smtpstatus=250 smtpmsg='250 2.0.0 Ok: queued as 4hkMZl3BgWz8sYS' exitcode=EX_OK
Sep 15 02:01:05 host=smtp.vodafonemail.de tls=on auth=on user=masp@vodafonemail.de from=masp@vodafonemail.de recipients=masp@vodafonemail.de mailsize=225 smtpstatus=250 smtpmsg='250 2.0.0 Ok: queued as 4hkMcK0SgVz954f' exitcode=EX_OK
Sep 15 02:42:43 host=smtp.vodafonemail.de tls=on auth=on user=masp@vodafonemail.de from=masp@vodafonemail.de recipients=masp@vodafonemail.de mailsize=291 smtpstatus=250 smtpmsg='250 2.0.0 Ok: queued as 4hkNXM3TJyz8sYF' exitcode=EX_OK
Sep 15 02:44:55 host=smtp.vodafonemail.de tls=on auth=on user=masp@vodafonemail.de from=masp@vodafonemail.de recipients=masp@vodafonemail.de mailsize=225 smtpstatus=250 smtpmsg='250 2.0.0 Ok: queued as 4hkNZv5SCmz8sYF' exitcode=EX_OK
Sep 19 04:08:38 host=smtp.vodafonemail.de tls=on auth=on user=masp@vodafonemail.de from=masp@vodafonemail.de recipients=masp@vodafonemail.de mailsize=291 smtpstatus=250 smtpmsg='250 2.0.0 Ok: queued as 4hmtFf2wwqz8sXt' exitcode=EX_OK
Sep 19 04:08:45 host=smtp.vodafonemail.de tls=on auth=on user=masp@vodafonemail.de from=masp@vodafonemail.de recipients=masp@vodafonemail.de mailsize=225 smtpstatus=250 smtpmsg='250 2.0.0 Ok: queued as 4hmtFn3StRz97FZ' exitcode=EX_OK
Sep 19 15:20:39 host=smtp.vodafonemail.de tls=on auth=on user=masp@vodafonemail.de from=masp@vodafonemail.de recipients=masp@vodafonemail.de mailsize=291 smtpstatus=250 smtpmsg='250 2.0.0 Ok: queued as 4hn9933PB9z8sY1' exitcode=EX_OK
Sep 19 15:25:53 host=smtp.vodafonemail.de tls=on auth=on user=masp@vodafonemail.de from=masp@vodafonemail.de recipients=masp@vodafonemail.de mailsize=225 smtpstatus=250 smtpmsg='250 2.0.0 Ok: queued as 4hn9H45L2wz8sY1' exitcode=EX_OK
Sep 19 16:58:39 host=smtp.vodafonemail.de tls=on auth=on user=masp@vodafonemail.de from=masp@vodafonemail.de recipients=masp@vodafonemail.de mailsize=291 smtpstatus=250 smtpmsg='250 2.0.0 Ok: queued as 4hnCL73lg1z9BHr' exitcode=EX_OK
Sep 19 17:04:54 host=smtp.vodafonemail.de tls=on auth=on user=masp@vodafonemail.de from=masp@vodafonemail.de recipients=masp@vodafonemail.de mailsize=225 smtpstatus=250 smtpmsg='250 2.0.0 Ok: queued as 4hnCTL4PX7z96LR' exitcode=EX_OK
Sep 21 22:22:04 host=smtp.vodafonemail.de tls=on auth=on user=masp@vodafonemail.de from=masp@vodafonemail.de recipients=masp@vodafonemail.de mailsize=291 smtpstatus=250 smtpmsg='250 2.0.0 Ok: queued as 4hpZQM3BZlz99Zd' exitcode=EX_OK
Sep 21 23:27:40 host=smtp.vodafonemail.de tls=on auth=on user=masp@vodafonemail.de from=masp@vodafonemail.de recipients=masp@vodafonemail.de mailsize=225 smtpstatus=250 smtpmsg='250 2.0.0 Ok: queued as 4hpbt43jPGz99VZ' exitcode=EX_OK
Sep 22 00:26:03 host=smtp.vodafonemail.de tls=on auth=on user=masp@vodafonemail.de from=masp@vodafonemail.de recipients=masp@vodafonemail.de mailsize=291 smtpstatus=250 smtpmsg='250 2.0.0 Ok: queued as 4hpd9R45sCz8sZL' exitcode=EX_OK
Sep 22 01:09:07 host=smtp.vodafonemail.de tls=on auth=on user=masp@vodafonemail.de from=masp@vodafonemail.de recipients=masp@vodafonemail.de mailsize=225 smtpstatus=250 smtpmsg='250 2.0.0 Ok: queued as 4hpf764tN6z8sXk' exitcode=EX_OK
Sep 22 01:55:03 host=smtp.vodafonemail.de tls=on auth=on user=masp@vodafonemail.de from=masp@vodafonemail.de recipients=masp@vodafonemail.de mailsize=291 smtpstatus=250 smtpmsg='250 2.0.0 Ok: queued as 4hpg872bvkz8sXk' exitcode=EX_OK
Sep 22 02:05:03 host=smtp.vodafonemail.de tls=on auth=on user=masp@vodafonemail.de from=masp@vodafonemail.de recipients=masp@vodafonemail.de mailsize=225 smtpstatus=250 smtpmsg='250 2.0.0 Ok: queued as 4hpgMf6mZTz8sY1' exitcode=EX_OK
Sep 22 02:25:04 host=smtp.vodafonemail.de tls=on auth=on user=masp@vodafonemail.de from=masp@vodafonemail.de recipients=masp@vodafonemail.de mailsize=291 smtpstatus=250 smtpmsg='250 2.0.0 Ok: queued as 4hpgpl3JSbz90qf' exitcode=EX_OK
Sep 22 02:41:17 host=smtp.vodafonemail.de tls=on auth=on user=masp@vodafonemail.de from=masp@vodafonemail.de recipients=masp@vodafonemail.de mailsize=225 smtpstatus=250 smtpmsg='250 2.0.0 Ok: queued as 4hph9T0qkVz99Mj' exitcode=EX_OK
Sep 22 22:39:01 host=smtp.vodafonemail.de tls=on auth=on user=masp@vodafonemail.de from=masp@vodafonemail.de recipients=masp@vodafonemail.de mailsize=291 smtpstatus=250 smtpmsg='250 2.0.0 Ok: queued as 4hqBlS5Zy0zB2nG' exitcode=EX_OK
Sep 22 23:00:06 host=smtp.vodafonemail.de tls=on auth=on user=masp@vodafonemail.de from=masp@vodafonemail.de recipients=masp@vodafonemail.de mailsize=225 smtpstatus=250 smtpmsg='250 2.0.0 Ok: queued as 4hqCCp2lrQz8sXy' exitcode=EX_OK
Sep 22 23:46:01 host=smtp.vodafonemail.de tls=on auth=on user=masp@vodafonemail.de from=masp@vodafonemail.de recipients=masp@vodafonemail.de mailsize=291 smtpstatus=250 smtpmsg='250 2.0.0 Ok: queued as 4hqDDm4cNFz954f' exitcode=EX_OK
Sep 23 00:25:15 host=smtp.vodafonemail.de tls=on auth=on user=masp@vodafonemail.de from=masp@vodafonemail.de recipients=masp@vodafonemail.de mailsize=225 smtpstatus=250 smtpmsg='250 2.0.0 Ok: queued as 4hqF631FGqz954f' exitcode=EX_OK
Sep 23 01:36:01 host=smtp.vodafonemail.de tls=on auth=on user=masp@vodafonemail.de from=masp@vodafonemail.de recipients=masp@vodafonemail.de mailsize=291 smtpstatus=250 smtpmsg='250 2.0.0 Ok: queued as 4hqGgh5xyZz957J' exitcode=EX_OK
Sep 23 02:04:29 host=smtp.vodafonemail.de tls=on auth=on user=masp@vodafonemail.de from=masp@vodafonemail.de recipients=masp@vodafonemail.de mailsize=225 smtpstatus=250 smtpmsg='250 2.0.0 Ok: queued as 4hqHJX5YsPz8sXk' exitcode=EX_OK
Sep 23 08:38:01 host=smtp.vodafonemail.de tls=on auth=on user=masp@vodafonemail.de from=masp@vodafonemail.de recipients=masp@vodafonemail.de mailsize=291 smtpstatus=250 smtpmsg='250 2.0.0 Ok: queued as 4hqS2d43jBzB2nk' exitcode=EX_OK
Sep 23 08:38:07 host=smtp.vodafonemail.de tls=on auth=on user=masp@vodafonemail.de from=masp@vodafonemail.de recipients=masp@vodafonemail.de mailsize=225 smtpstatus=250 smtpmsg='250 2.0.0 Ok: queued as 4hqS2l3X3qz9054' exitcode=EX_OK
Sep 23 13:20:11 host=smtp.vodafonemail.de tls=on auth=on user=masp@vodafonemail.de from=masp@vodafonemail.de recipients=masp@vodafonemail.de mailsize=291 smtpstatus=250 smtpmsg='250 2.0.0 Ok: queued as 4hqZJC4Sybz99Zd' exitcode=EX_OK
Sep 23 13:37:19 host=smtp.vodafonemail.de tls=on auth=on user=masp@vodafonemail.de from=masp@vodafonemail.de recipients=masp@vodafonemail.de mailsize=225 smtpstatus=250 smtpmsg='250 2.0.0 Ok: queued as 4hqZgy60hkz99n1' exitcode=EX_OK
Sep 27 00:40:40 host=smtp.vodafonemail.de tls=on auth=on user=masp@vodafonemail.de from=masp@vodafonemail.de recipients=masp@vodafonemail.de mailsize=291 smtpstatus=250 smtpmsg='250 2.0.0 Ok: queued as 4hsjG04JHjzB2nk' exitcode=EX_OK
Sep 27 01:15:20 host=smtp.vodafonemail.de tls=on auth=on user=masp@vodafonemail.de from=masp@vodafonemail.de recipients=masp@vodafonemail.de mailsize=225 smtpstatus=250 smtpmsg='250 2.0.0 Ok: queued as 4hsk1z5jzDz90qf' exitcode=EX_OK
Sep 27 02:02:41 host=smtp.vodafonemail.de tls=on auth=on user=masp@vodafonemail.de from=masp@vodafonemail.de recipients=masp@vodafonemail.de mailsize=291 smtpstatus=250 smtpmsg='250 2.0.0 Ok: queued as 4hsl4d3QTcz9047' exitcode=EX_OK
Sep 27 02:52:17 host=smtp.vodafonemail.de tls=on auth=on user=masp@vodafonemail.de from=masp@vodafonemail.de recipients=masp@vodafonemail.de mailsize=225 smtpstatus=250 smtpmsg='250 2.0.0 Ok: queued as 4hsm9s2kkfz90r6' exitcode=EX_OK
Sep 27 03:12:41 host=smtp.vodafonemail.de tls=on auth=on user=masp@vodafonemail.de from=masp@vodafonemail.de recipients=masp@vodafonemail.de mailsize=291 smtpstatus=250 smtpmsg='250 2.0.0 Ok: queued as 4hsmdP3q88z8sY0' exitcode=EX_OK
Sep 27 03:27:43 host=smtp.vodafonemail.de tls=on auth=on user=masp@vodafonemail.de from=masp@vodafonemail.de recipients=masp@vodafonemail.de mailsize=225 smtpstatus=250 smtpmsg='250 2.0.0 Ok: queued as 4hsmyl3bdCz8sXQ' exitcode=EX_OK
Sep 27 03:48:41 host=smtp.vodafonemail.de tls=on auth=on user=masp@vodafonemail.de from=masp@vodafonemail.de recipients=masp@vodafonemail.de mailsize=291 smtpstatus=250 smtpmsg='250 2.0.0 Ok: queued as 4hsnQx3944z9047' exitcode=EX_OK
Sep 27 04:13:17 host=smtp.vodafonemail.de tls=on auth=on user=masp@vodafonemail.de from=masp@vodafonemail.de recipients=masp@vodafonemail.de mailsize=225 smtpstatus=250 smtpmsg='250 2.0.0 Ok: queued as 4hsnzJ6qqTz90r6' exitcode=EX_OK
Sep 27 04:33:41 host=smtp.vodafonemail.de tls=on auth=on user=masp@vodafonemail.de from=masp@vodafonemail.de recipients=masp@vodafonemail.de mailsize=291 smtpstatus=250 smtpmsg='250 2.0.0 Ok: queued as 4hspQs3y16z8sZN' exitcode=EX_OK
Sep 27 04:50:10 host=smtp.vodafonemail.de tls=on auth=on user=masp@vodafonemail.de from=masp@vodafonemail.de recipients=masp@vodafonemail.de mailsize=225 smtpstatus=250 smtpmsg='250 2.0.0 Ok: queued as 4hspns5bTmz957J' exitcode=EX_OK
Sep 27 06:09:41 host=smtp.vodafonemail.de tls=on auth=on user=masp@vodafonemail.de from=masp@vodafonemail.de recipients=masp@vodafonemail.de mailsize=291 smtpstatus=250 smtpmsg='250 2.0.0 Ok: queued as 4hsrYd31dGz90r6' exitcode=EX_OK
Sep 27 06:13:30 host=smtp.vodafonemail.de tls=on auth=on user=masp@vodafonemail.de from=masp@vodafonemail.de recipients=masp@vodafonemail.de mailsize=225 smtpstatus=250 smtpmsg='250 2.0.0 Ok: queued as 4hsrf23B8jz96LR' exitcode=EX_OK
